Info: Starting: Create block symbol file (.bsf)
Info: qsys-generate C:\Users\Jon\Desktop\adc_module_for_top_design_2\ADC.qsys --block-symbol-file --output-directory=C:\Users\Jon\Desktop\adc_module_for_top_design_2\ADC --family="MAX 10" --part=10M50DAF484C7G
Progress: Loading adc_module_for_top_design_2/ADC.qsys
Progress: Reading input file
Progress: Adding ADC [altera_modular_adc 18.1]
Progress: Parameterizing module ADC
Progress: Adding AvalonBridge [altera_jtag_avalon_master 18.1]
Progress: Parameterizing module AvalonBridge
Progress: Adding PLL [altpll 18.1]
Progress: Parameterizing module PLL
Progress: Adding clk_0 [clock_source 18.1]
Progress: Parameterizing module clk_0
Progress: Building connections
Progress: Parameterizing connections
Progress: Validating
Progress: Done reading input file
Warning: ADC.PLL: PLL.areset_conduit must be exported, or connected to a matching conduit.
Warning: ADC.ADC: Interrupt sender ADC.sample_store_irq is not connected to an interrupt receiver
Warning: ADC.PLL: PLL.pll_slave must be connected to an Avalon-MM master
Info: qsys-generate succeeded.
Info: Finished: Create block symbol file (.bsf)
Info: 
Info: Starting: Create HDL design files for synthesis
Info: qsys-generate C:\Users\Jon\Desktop\adc_module_for_top_design_2\ADC.qsys --synthesis=VHDL --output-directory=C:\Users\Jon\Desktop\adc_module_for_top_design_2\ADC\synthesis --family="MAX 10" --part=10M50DAF484C7G
Progress: Loading adc_module_for_top_design_2/ADC.qsys
Progress: Reading input file
Progress: Adding ADC [altera_modular_adc 18.1]
Progress: Parameterizing module ADC
Progress: Adding AvalonBridge [altera_jtag_avalon_master 18.1]
Progress: Parameterizing module AvalonBridge
Progress: Adding PLL [altpll 18.1]
Progress: Parameterizing module PLL
Progress: Adding clk_0 [clock_source 18.1]
Progress: Parameterizing module clk_0
Progress: Building connections
Progress: Parameterizing connections
Progress: Validating
Progress: Done reading input file
Warning: ADC.PLL: PLL.areset_conduit must be exported, or connected to a matching conduit.
Warning: ADC.ADC: Interrupt sender ADC.sample_store_irq is not connected to an interrupt receiver
Warning: ADC.PLL: PLL.pll_slave must be connected to an Avalon-MM master
Info: ADC: Generating ADC "ADC" for QUARTUS_SYNTH
Info: ADC: "ADC" instantiated altera_modular_adc "ADC"
Info: AvalonBridge: "ADC" instantiated altera_jtag_avalon_master "AvalonBridge"
Info: PLL: "ADC" instantiated altpll "PLL"
Info: avalon_st_adapter: Inserting error_adapter: error_adapter_0
Info: avalon_st_adapter_001: Inserting error_adapter: error_adapter_0
Info: mm_interconnect_0: "ADC" instantiated altera_mm_interconnect "mm_interconnect_0"
Info: rst_controller: "ADC" instantiated altera_reset_controller "rst_controller"
Info: control_internal: "ADC" instantiated altera_modular_adc_control "control_internal"
Info: sequencer_internal: "ADC" instantiated altera_modular_adc_sequencer "sequencer_internal"
Info: sample_store_internal: "ADC" instantiated altera_modular_adc_sample_store "sample_store_internal"
Info: jtag_phy_embedded_in_jtag_master: "AvalonBridge" instantiated altera_jtag_dc_streaming "jtag_phy_embedded_in_jtag_master"
Info: timing_adt: "AvalonBridge" instantiated timing_adapter "timing_adt"
Info: fifo: "AvalonBridge" instantiated altera_avalon_sc_fifo "fifo"
Info: b2p: "AvalonBridge" instantiated altera_avalon_st_bytes_to_packets "b2p"
Info: p2b: "AvalonBridge" instantiated altera_avalon_st_packets_to_bytes "p2b"
Info: transacto: "AvalonBridge" instantiated altera_avalon_packets_to_master "transacto"
Info: b2p_adapter: "AvalonBridge" instantiated channel_adapter "b2p_adapter"
Info: p2b_adapter: "AvalonBridge" instantiated channel_adapter "p2b_adapter"
Info: AvalonBridge_master_translator: "mm_interconnect_0" instantiated altera_merlin_master_translator "AvalonBridge_master_translator"
Info: ADC_sample_store_csr_translator: "mm_interconnect_0" instantiated altera_merlin_slave_translator "ADC_sample_store_csr_translator"
Info: AvalonBridge_master_agent: "mm_interconnect_0" instantiated altera_merlin_master_agent "AvalonBridge_master_agent"
Info: ADC_sample_store_csr_agent: "mm_interconnect_0" instantiated altera_merlin_slave_agent "ADC_sample_store_csr_agent"
Info: router: "mm_interconnect_0" instantiated altera_merlin_router "router"
Info: router_001: "mm_interconnect_0" instantiated altera_merlin_router "router_001"
Info: AvalonBridge_master_limiter: "mm_interconnect_0" instantiated altera_merlin_traffic_limiter "AvalonBridge_master_limiter"
Info: Reusing file C:/Users/Jon/Desktop/adc_module_for_top_design_2/ADC/synthesis/submodules/altera_avalon_sc_fifo.v
Info: Reusing file C:/Users/Jon/Desktop/adc_module_for_top_design_2/ADC/synthesis/submodules/altera_avalon_st_pipeline_base.v
Info: cmd_demux: "mm_interconnect_0" instantiated altera_merlin_demultiplexer "cmd_demux"
Info: cmd_mux: "mm_interconnect_0" instantiated altera_merlin_multiplexer "cmd_mux"
Info: rsp_demux: "mm_interconnect_0" instantiated altera_merlin_demultiplexer "rsp_demux"
Info: rsp_mux: "mm_interconnect_0" instantiated altera_merlin_multiplexer "rsp_mux"
Info: Reusing file C:/Users/Jon/Desktop/adc_module_for_top_design_2/ADC/synthesis/submodules/altera_merlin_arbitrator.sv
Info: avalon_st_adapter: "mm_interconnect_0" instantiated altera_avalon_st_adapter "avalon_st_adapter"
Info: error_adapter_0: "avalon_st_adapter" instantiated error_adapter "error_adapter_0"
Info: ADC: Done "ADC" with 30 modules, 54 files
Info: qsys-generate succeeded.
Info: Finished: Create HDL design files for synthesis
